MPLINK 5.09, LINKER
Linker Map File - Created Sat Jan 29 19:50:31 2022

                                 Section Info
                  Section       Type    Address   Location Size(Bytes)
                ---------  ---------  ---------  ---------  ---------
                   .org_0       code   0x000000    program   0x000002
                   .cinit    romdata   0x000001    program   0x000004
                   .org_1       code   0x000004    program   0x000144
.config_8007_BUILD/DEFAULT/DEBUG/N64CONTROLLE       code   0x008007    program   0x000002
.config_8008_BUILD/DEFAULT/DEBUG/N64CONTROLLE       code   0x008008    program   0x000002



                              Program Memory Usage 
                               Start         End      
                           ---------   ---------      
                            0x000000    0x000002      
                            0x000004    0x0000a5      
                            0x008007    0x008008      
            167 out of 16647 program addresses used, program memory utilization is 1%



                              Symbols - Sorted by Name
                     Name    Address   Location    Storage File                     
                ---------  ---------  ---------  --------- ---------                
                INTERRUPT   0x000035    program     static C:\Users\callk\MPLABXProjects\N64Controller.X\N64Controller.asm
                MAINBEGIN   0x0000a2    program     static C:\Users\callk\MPLABXProjects\N64Controller.X\N64Controller.asm
                      ONE   0x000075    program     static C:\Users\callk\MPLABXProjects\N64Controller.X\N64Controller.asm
                     POLL   0x000043    program     static C:\Users\callk\MPLABXProjects\N64Controller.X\N64Controller.asm
                     READ   0x000094    program     static C:\Users\callk\MPLABXProjects\N64Controller.X\N64Controller.asm
                    SETUP   0x000006    program     static C:\Users\callk\MPLABXProjects\N64Controller.X\N64Controller.asm
               TIMERRESET   0x00003c    program     static C:\Users\callk\MPLABXProjects\N64Controller.X\N64Controller.asm
                     ZERO   0x000051    program     static C:\Users\callk\MPLABXProjects\N64Controller.X\N64Controller.asm



                              Symbols - Sorted by Address
                     Name    Address   Location    Storage File                     
                ---------  ---------  ---------  --------- ---------                
                    SETUP   0x000006    program     static C:\Users\callk\MPLABXProjects\N64Controller.X\N64Controller.asm
                INTERRUPT   0x000035    program     static C:\Users\callk\MPLABXProjects\N64Controller.X\N64Controller.asm
               TIMERRESET   0x00003c    program     static C:\Users\callk\MPLABXProjects\N64Controller.X\N64Controller.asm
                     POLL   0x000043    program     static C:\Users\callk\MPLABXProjects\N64Controller.X\N64Controller.asm
                     ZERO   0x000051    program     static C:\Users\callk\MPLABXProjects\N64Controller.X\N64Controller.asm
                      ONE   0x000075    program     static C:\Users\callk\MPLABXProjects\N64Controller.X\N64Controller.asm
                     READ   0x000094    program     static C:\Users\callk\MPLABXProjects\N64Controller.X\N64Controller.asm
                MAINBEGIN   0x0000a2    program     static C:\Users\callk\MPLABXProjects\N64Controller.X\N64Controller.asm


