MPLINK 5.09, LINKER
Linker Map File - Created Wed Dec 01 09:58:49 2021

                                 Section Info
                  Section       Type    Address   Location Size(Bytes)
                ---------  ---------  ---------  ---------  ---------
                   .org_0       code   0x000000    program   0x000002
                   .cinit    romdata   0x000001    program   0x000004
                   .org_1       code   0x000004    program   0x00020e
.config_8007_BUILD/DEFAULT/PRODUCTION/DOGTRAI       code   0x008007    program   0x000002
.config_8008_BUILD/DEFAULT/PRODUCTION/DOGTRAI       code   0x008008    program   0x000002



                              Program Memory Usage 
                               Start         End      
                           ---------   ---------      
                            0x000000    0x000002      
                            0x000004    0x00010a      
                            0x008007    0x008008      
            268 out of 16647 program addresses used, program memory utilization is 1%



                              Symbols - Sorted by Name
                     Name    Address   Location    Storage File                     
                ---------  ---------  ---------  --------- ---------                
                    DELAY   0x00007d    program     static C:\Users\callk\MPLABXProjects\DogTrainer.X\DogTrainer.asm
                  FIRETOY   0x00006d    program     static C:\Users\callk\MPLABXProjects\DogTrainer.X\DogTrainer.asm
                INTERRUPT   0x00004f    program     static C:\Users\callk\MPLABXProjects\DogTrainer.X\DogTrainer.asm
                  LOADING   0x0000bb    program     static C:\Users\callk\MPLABXProjects\DogTrainer.X\DogTrainer.asm
                  LOADTOY   0x000077    program     static C:\Users\callk\MPLABXProjects\DogTrainer.X\DogTrainer.asm
                    LOOP1   0x000081    program     static C:\Users\callk\MPLABXProjects\DogTrainer.X\DogTrainer.asm
                    LOOP2   0x00007f    program     static C:\Users\callk\MPLABXProjects\DogTrainer.X\DogTrainer.asm
                    LOOP3   0x0000b5    program     static C:\Users\callk\MPLABXProjects\DogTrainer.X\DogTrainer.asm
                MAINBEGIN   0x0000bf    program     static C:\Users\callk\MPLABXProjects\DogTrainer.X\DogTrainer.asm
              RECIEVESAVE   0x000059    program     static C:\Users\callk\MPLABXProjects\DogTrainer.X\DogTrainer.asm
                   RXDATA   0x000064    program     static C:\Users\callk\MPLABXProjects\DogTrainer.X\DogTrainer.asm
                    SETUP   0x000006    program     static C:\Users\callk\MPLABXProjects\DogTrainer.X\DogTrainer.asm
             UPDATESERVOS   0x000068    program     static C:\Users\callk\MPLABXProjects\DogTrainer.X\DogTrainer.asm



                              Symbols - Sorted by Address
                     Name    Address   Location    Storage File                     
                ---------  ---------  ---------  --------- ---------                
                    SETUP   0x000006    program     static C:\Users\callk\MPLABXProjects\DogTrainer.X\DogTrainer.asm
                INTERRUPT   0x00004f    program     static C:\Users\callk\MPLABXProjects\DogTrainer.X\DogTrainer.asm
              RECIEVESAVE   0x000059    program     static C:\Users\callk\MPLABXProjects\DogTrainer.X\DogTrainer.asm
                   RXDATA   0x000064    program     static C:\Users\callk\MPLABXProjects\DogTrainer.X\DogTrainer.asm
             UPDATESERVOS   0x000068    program     static C:\Users\callk\MPLABXProjects\DogTrainer.X\DogTrainer.asm
                  FIRETOY   0x00006d    program     static C:\Users\callk\MPLABXProjects\DogTrainer.X\DogTrainer.asm
                  LOADTOY   0x000077    program     static C:\Users\callk\MPLABXProjects\DogTrainer.X\DogTrainer.asm
                    DELAY   0x00007d    program     static C:\Users\callk\MPLABXProjects\DogTrainer.X\DogTrainer.asm
                    LOOP2   0x00007f    program     static C:\Users\callk\MPLABXProjects\DogTrainer.X\DogTrainer.asm
                    LOOP1   0x000081    program     static C:\Users\callk\MPLABXProjects\DogTrainer.X\DogTrainer.asm
                    LOOP3   0x0000b5    program     static C:\Users\callk\MPLABXProjects\DogTrainer.X\DogTrainer.asm
                  LOADING   0x0000bb    program     static C:\Users\callk\MPLABXProjects\DogTrainer.X\DogTrainer.asm
                MAINBEGIN   0x0000bf    program     static C:\Users\callk\MPLABXProjects\DogTrainer.X\DogTrainer.asm


